--------------------------------------------------------------------------------
Release 14.7 Trace  (nt)
Copyright (c) 1995-2013 Xilinx, Inc.  All rights reserved.

C:\Xilinx\14.7\ISE_DS\ISE\bin\nt\unwrapped\trce.exe -intstyle ise -o
mojo_top_0.twr -v 30 -l 30 mojo_top_0_routed.ncd mojo_top_0.pcf

Design file:              mojo_top_0_routed.ncd
Physical constraint file: mojo_top_0.pcf
Device,package,speed:     xc6slx9,tqg144,C,-2 (PRODUCTION 1.23 2013-10-13)
Report level:             verbose report, limited to 30 items per constraint

Environment Variable      Effect 
--------------------      ------ 
NONE                      No environment variables were set
--------------------------------------------------------------------------------

INFO:Timing:2698 - No timing constraints found, doing default enumeration.
INFO:Timing:3412 - To improve timing, see the Timing Closure User Guide (UG612).
INFO:Timing:2752 - To get complete path coverage, use the unconstrained paths 
   option. All paths that are not constrained will be reported in the 
   unconstrained paths section(s) of the report.
INFO:Timing:3339 - The clock-to-out numbers in this timing report are based on 
   a 50 Ohm transmission line loading model.  For the details of this model, 
   and for more information on accounting for different loading conditions, 
   please see the device datasheet.



Data Sheet report:
-----------------
All values displayed in nanoseconds (ns)

Setup/Hold to clock io_dip[17]
------------+------------+------------+------------+------------+----------------------------------------+--------+
            |Max Setup to|  Process   |Max Hold to |  Process   |                                        | Clock  |
Source      | clk (edge) |   Corner   | clk (edge) |   Corner   |Internal Clock(s)                       | Phase  |
------------+------------+------------+------------+------------+----------------------------------------+--------+
io_dip[0]   |    2.717(F)|      SLOW  |   -0.049(F)|      FAST  |alu16/compare16/alufn[2]_PWR_6_o_Mux_5_o|   0.000|
io_dip[1]   |    3.122(F)|      SLOW  |   -0.148(F)|      FAST  |alu16/compare16/alufn[2]_PWR_6_o_Mux_5_o|   0.000|
io_dip[2]   |    2.240(F)|      SLOW  |    0.399(F)|      SLOW  |alu16/compare16/alufn[2]_PWR_6_o_Mux_5_o|   0.000|
io_dip[3]   |    3.215(F)|      SLOW  |   -0.188(F)|      FAST  |alu16/compare16/alufn[2]_PWR_6_o_Mux_5_o|   0.000|
io_dip[4]   |    3.089(F)|      SLOW  |   -0.137(F)|      FAST  |alu16/compare16/alufn[2]_PWR_6_o_Mux_5_o|   0.000|
io_dip[5]   |    2.921(F)|      SLOW  |   -0.029(F)|      FAST  |alu16/compare16/alufn[2]_PWR_6_o_Mux_5_o|   0.000|
io_dip[6]   |    2.762(F)|      SLOW  |   -0.036(F)|      FAST  |alu16/compare16/alufn[2]_PWR_6_o_Mux_5_o|   0.000|
io_dip[7]   |    3.018(F)|      SLOW  |    0.217(F)|      FAST  |alu16/compare16/alufn[2]_PWR_6_o_Mux_5_o|   0.000|
io_dip[8]   |    2.760(F)|      SLOW  |    0.504(F)|      SLOW  |alu16/compare16/alufn[2]_PWR_6_o_Mux_5_o|   0.000|
io_dip[9]   |    2.872(F)|      SLOW  |    0.135(F)|      SLOW  |alu16/compare16/alufn[2]_PWR_6_o_Mux_5_o|   0.000|
io_dip[10]  |    2.580(F)|      SLOW  |    0.273(F)|      SLOW  |alu16/compare16/alufn[2]_PWR_6_o_Mux_5_o|   0.000|
io_dip[11]  |    2.669(F)|      SLOW  |    0.105(F)|      SLOW  |alu16/compare16/alufn[2]_PWR_6_o_Mux_5_o|   0.000|
io_dip[12]  |    1.737(F)|      SLOW  |    0.477(F)|      SLOW  |alu16/compare16/alufn[2]_PWR_6_o_Mux_5_o|   0.000|
io_dip[13]  |    1.539(F)|      SLOW  |    0.633(F)|      SLOW  |alu16/compare16/alufn[2]_PWR_6_o_Mux_5_o|   0.000|
io_dip[14]  |    0.698(F)|      SLOW  |    0.930(F)|      SLOW  |alu16/compare16/alufn[2]_PWR_6_o_Mux_5_o|   0.000|
io_dip[15]  |    0.517(F)|      SLOW  |    2.311(F)|      SLOW  |alu16/compare16/alufn[2]_PWR_6_o_Mux_5_o|   0.000|
------------+------------+------------+------------+------------+----------------------------------------+--------+

Setup/Hold to clock io_dip[18]
------------+------------+------------+------------+------------+----------------------------------------+--------+
            |Max Setup to|  Process   |Max Hold to |  Process   |                                        | Clock  |
Source      | clk (edge) |   Corner   | clk (edge) |   Corner   |Internal Clock(s)                       | Phase  |
------------+------------+------------+------------+------------+----------------------------------------+--------+
io_dip[0]   |    1.264(F)|      SLOW  |    1.415(F)|      SLOW  |alu16/compare16/alufn[2]_PWR_6_o_Mux_5_o|   0.000|
io_dip[1]   |    1.669(F)|      SLOW  |    1.149(F)|      SLOW  |alu16/compare16/alufn[2]_PWR_6_o_Mux_5_o|   0.000|
io_dip[2]   |    0.787(F)|      SLOW  |    1.933(F)|      SLOW  |alu16/compare16/alufn[2]_PWR_6_o_Mux_5_o|   0.000|
io_dip[3]   |    1.762(F)|      SLOW  |    1.049(F)|      SLOW  |alu16/compare16/alufn[2]_PWR_6_o_Mux_5_o|   0.000|
io_dip[4]   |    1.636(F)|      SLOW  |    1.101(F)|      SLOW  |alu16/compare16/alufn[2]_PWR_6_o_Mux_5_o|   0.000|
io_dip[5]   |    1.468(F)|      SLOW  |    1.268(F)|      SLOW  |alu16/compare16/alufn[2]_PWR_6_o_Mux_5_o|   0.000|
io_dip[6]   |    1.309(F)|      SLOW  |    1.342(F)|      SLOW  |alu16/compare16/alufn[2]_PWR_6_o_Mux_5_o|   0.000|
io_dip[7]   |    1.565(F)|      SLOW  |    1.720(F)|      SLOW  |alu16/compare16/alufn[2]_PWR_6_o_Mux_5_o|   0.000|
io_dip[8]   |    1.307(F)|      SLOW  |    2.038(F)|      SLOW  |alu16/compare16/alufn[2]_PWR_6_o_Mux_5_o|   0.000|
io_dip[9]   |    1.419(F)|      SLOW  |    1.669(F)|      SLOW  |alu16/compare16/alufn[2]_PWR_6_o_Mux_5_o|   0.000|
io_dip[10]  |    1.127(F)|      SLOW  |    1.807(F)|      SLOW  |alu16/compare16/alufn[2]_PWR_6_o_Mux_5_o|   0.000|
io_dip[11]  |    1.216(F)|      SLOW  |    1.639(F)|      SLOW  |alu16/compare16/alufn[2]_PWR_6_o_Mux_5_o|   0.000|
io_dip[12]  |    0.284(F)|      SLOW  |    2.011(F)|      SLOW  |alu16/compare16/alufn[2]_PWR_6_o_Mux_5_o|   0.000|
io_dip[13]  |    0.086(F)|      SLOW  |    2.167(F)|      SLOW  |alu16/compare16/alufn[2]_PWR_6_o_Mux_5_o|   0.000|
io_dip[14]  |   -0.624(F)|      FAST  |    2.464(F)|      SLOW  |alu16/compare16/alufn[2]_PWR_6_o_Mux_5_o|   0.000|
io_dip[15]  |   -0.649(F)|      FAST  |    3.845(F)|      SLOW  |alu16/compare16/alufn[2]_PWR_6_o_Mux_5_o|   0.000|
------------+------------+------------+------------+------------+----------------------------------------+--------+

Clock io_dip[17] to Pad
------------+-----------------+------------+-----------------+------------+----------------------------------------+--------+
            |Max (slowest) clk|  Process   |Min (fastest) clk|  Process   |                                        | Clock  |
Destination |  (edge) to PAD  |   Corner   |  (edge) to PAD  |   Corner   |Internal Clock(s)                       | Phase  |
------------+-----------------+------------+-----------------+------------+----------------------------------------+--------+
io_led[0]   |        16.172(F)|      SLOW  |         7.958(F)|      FAST  |alu16/compare16/alufn[2]_PWR_6_o_Mux_5_o|   0.000|
------------+-----------------+------------+-----------------+------------+----------------------------------------+--------+

Clock io_dip[18] to Pad
------------+-----------------+------------+-----------------+------------+----------------------------------------+--------+
            |Max (slowest) clk|  Process   |Min (fastest) clk|  Process   |                                        | Clock  |
Destination |  (edge) to PAD  |   Corner   |  (edge) to PAD  |   Corner   |Internal Clock(s)                       | Phase  |
------------+-----------------+------------+-----------------+------------+----------------------------------------+--------+
io_led[0]   |        17.706(F)|      SLOW  |         8.767(F)|      FAST  |alu16/compare16/alufn[2]_PWR_6_o_Mux_5_o|   0.000|
------------+-----------------+------------+-----------------+------------+----------------------------------------+--------+

Clock to Setup on destination clock io_dip[17]
---------------+---------+---------+---------+---------+
               | Src:Rise| Src:Fall| Src:Rise| Src:Fall|
Source Clock   |Dest:Rise|Dest:Rise|Dest:Fall|Dest:Fall|
---------------+---------+---------+---------+---------+
io_dip[17]     |         |         |    1.469|    1.469|
io_dip[18]     |         |         |    3.003|    3.003|
---------------+---------+---------+---------+---------+

Clock to Setup on destination clock io_dip[18]
---------------+---------+---------+---------+---------+
               | Src:Rise| Src:Fall| Src:Rise| Src:Fall|
Source Clock   |Dest:Rise|Dest:Rise|Dest:Fall|Dest:Fall|
---------------+---------+---------+---------+---------+
io_dip[17]     |         |         |    0.016|    0.016|
io_dip[18]     |         |         |    1.550|    1.550|
---------------+---------+---------+---------+---------+

Pad to Pad
---------------+---------------+---------+
Source Pad     |Destination Pad|  Delay  |
---------------+---------------+---------+
io_dip[0]      |io_led[0]      |   17.505|
io_dip[0]      |io_led[1]      |   17.712|
io_dip[0]      |io_led[2]      |   17.341|
io_dip[0]      |io_led[3]      |   17.350|
io_dip[0]      |io_led[4]      |   17.963|
io_dip[0]      |io_led[5]      |   17.644|
io_dip[0]      |io_led[6]      |   17.829|
io_dip[0]      |io_led[7]      |   17.465|
io_dip[0]      |io_led[8]      |   17.689|
io_dip[0]      |io_led[9]      |   18.243|
io_dip[0]      |io_led[10]     |   18.406|
io_dip[0]      |io_led[11]     |   18.214|
io_dip[0]      |io_led[12]     |   18.534|
io_dip[0]      |io_led[13]     |   18.537|
io_dip[0]      |io_led[14]     |   17.880|
io_dip[0]      |io_led[15]     |   17.632|
io_dip[0]      |io_led[16]     |   16.020|
io_dip[0]      |io_led[17]     |   16.698|
io_dip[0]      |io_led[18]     |   17.791|
io_dip[1]      |io_led[0]      |   17.811|
io_dip[1]      |io_led[1]      |   18.018|
io_dip[1]      |io_led[2]      |   17.647|
io_dip[1]      |io_led[3]      |   17.656|
io_dip[1]      |io_led[4]      |   18.269|
io_dip[1]      |io_led[5]      |   17.950|
io_dip[1]      |io_led[6]      |   18.135|
io_dip[1]      |io_led[7]      |   17.771|
io_dip[1]      |io_led[8]      |   17.995|
io_dip[1]      |io_led[9]      |   18.549|
io_dip[1]      |io_led[10]     |   18.712|
io_dip[1]      |io_led[11]     |   18.520|
io_dip[1]      |io_led[12]     |   18.840|
io_dip[1]      |io_led[13]     |   18.843|
io_dip[1]      |io_led[14]     |   18.186|
io_dip[1]      |io_led[15]     |   17.938|
io_dip[1]      |io_led[16]     |   15.218|
io_dip[1]      |io_led[17]     |   15.896|
io_dip[1]      |io_led[18]     |   17.013|
io_dip[2]      |io_led[0]      |   18.192|
io_dip[2]      |io_led[1]      |   18.399|
io_dip[2]      |io_led[2]      |   18.028|
io_dip[2]      |io_led[3]      |   18.037|
io_dip[2]      |io_led[4]      |   18.650|
io_dip[2]      |io_led[5]      |   18.331|
io_dip[2]      |io_led[6]      |   18.516|
io_dip[2]      |io_led[7]      |   18.152|
io_dip[2]      |io_led[8]      |   18.376|
io_dip[2]      |io_led[9]      |   18.930|
io_dip[2]      |io_led[10]     |   19.093|
io_dip[2]      |io_led[11]     |   18.901|
io_dip[2]      |io_led[12]     |   19.221|
io_dip[2]      |io_led[13]     |   19.224|
io_dip[2]      |io_led[14]     |   18.567|
io_dip[2]      |io_led[15]     |   18.319|
io_dip[2]      |io_led[16]     |   15.705|
io_dip[2]      |io_led[17]     |   16.383|
io_dip[2]      |io_led[18]     |   17.456|
io_dip[3]      |io_led[0]      |   18.061|
io_dip[3]      |io_led[1]      |   18.268|
io_dip[3]      |io_led[2]      |   17.897|
io_dip[3]      |io_led[3]      |   17.906|
io_dip[3]      |io_led[4]      |   18.519|
io_dip[3]      |io_led[5]      |   18.200|
io_dip[3]      |io_led[6]      |   18.385|
io_dip[3]      |io_led[7]      |   18.021|
io_dip[3]      |io_led[8]      |   18.245|
io_dip[3]      |io_led[9]      |   18.799|
io_dip[3]      |io_led[10]     |   18.962|
io_dip[3]      |io_led[11]     |   18.770|
io_dip[3]      |io_led[12]     |   19.090|
io_dip[3]      |io_led[13]     |   19.093|
io_dip[3]      |io_led[14]     |   18.436|
io_dip[3]      |io_led[15]     |   18.188|
io_dip[3]      |io_led[16]     |   15.101|
io_dip[3]      |io_led[17]     |   15.779|
io_dip[3]      |io_led[18]     |   16.852|
io_dip[4]      |io_led[0]      |   17.437|
io_dip[4]      |io_led[1]      |   17.644|
io_dip[4]      |io_led[2]      |   17.273|
io_dip[4]      |io_led[3]      |   17.282|
io_dip[4]      |io_led[4]      |   17.895|
io_dip[4]      |io_led[5]      |   17.576|
io_dip[4]      |io_led[6]      |   17.761|
io_dip[4]      |io_led[7]      |   17.397|
io_dip[4]      |io_led[8]      |   17.621|
io_dip[4]      |io_led[9]      |   18.175|
io_dip[4]      |io_led[10]     |   18.338|
io_dip[4]      |io_led[11]     |   18.146|
io_dip[4]      |io_led[12]     |   18.466|
io_dip[4]      |io_led[13]     |   18.469|
io_dip[4]      |io_led[14]     |   17.812|
io_dip[4]      |io_led[15]     |   17.654|
io_dip[4]      |io_led[16]     |   16.874|
io_dip[4]      |io_led[17]     |   17.552|
io_dip[4]      |io_led[18]     |   18.468|
io_dip[5]      |io_led[0]      |   16.562|
io_dip[5]      |io_led[1]      |   16.769|
io_dip[5]      |io_led[2]      |   16.398|
io_dip[5]      |io_led[3]      |   16.407|
io_dip[5]      |io_led[4]      |   17.020|
io_dip[5]      |io_led[5]      |   16.701|
io_dip[5]      |io_led[6]      |   16.886|
io_dip[5]      |io_led[7]      |   16.783|
io_dip[5]      |io_led[8]      |   16.746|
io_dip[5]      |io_led[9]      |   17.300|
io_dip[5]      |io_led[10]     |   17.808|
io_dip[5]      |io_led[11]     |   17.478|
io_dip[5]      |io_led[12]     |   17.988|
io_dip[5]      |io_led[13]     |   17.594|
io_dip[5]      |io_led[14]     |   17.267|
io_dip[5]      |io_led[15]     |   17.513|
io_dip[5]      |io_led[16]     |   16.733|
io_dip[5]      |io_led[17]     |   17.411|
io_dip[5]      |io_led[18]     |   18.278|
io_dip[6]      |io_led[0]      |   17.675|
io_dip[6]      |io_led[1]      |   17.882|
io_dip[6]      |io_led[2]      |   17.511|
io_dip[6]      |io_led[3]      |   17.520|
io_dip[6]      |io_led[4]      |   18.133|
io_dip[6]      |io_led[5]      |   17.814|
io_dip[6]      |io_led[6]      |   17.999|
io_dip[6]      |io_led[7]      |   17.635|
io_dip[6]      |io_led[8]      |   17.859|
io_dip[6]      |io_led[9]      |   18.413|
io_dip[6]      |io_led[10]     |   18.576|
io_dip[6]      |io_led[11]     |   18.384|
io_dip[6]      |io_led[12]     |   18.704|
io_dip[6]      |io_led[13]     |   18.707|
io_dip[6]      |io_led[14]     |   18.050|
io_dip[6]      |io_led[15]     |   17.802|
io_dip[6]      |io_led[16]     |   14.744|
io_dip[6]      |io_led[17]     |   15.422|
io_dip[6]      |io_led[18]     |   15.710|
io_dip[7]      |io_led[0]      |   17.915|
io_dip[7]      |io_led[1]      |   18.122|
io_dip[7]      |io_led[2]      |   17.751|
io_dip[7]      |io_led[3]      |   17.760|
io_dip[7]      |io_led[4]      |   18.373|
io_dip[7]      |io_led[5]      |   18.054|
io_dip[7]      |io_led[6]      |   18.239|
io_dip[7]      |io_led[7]      |   17.875|
io_dip[7]      |io_led[8]      |   18.099|
io_dip[7]      |io_led[9]      |   18.653|
io_dip[7]      |io_led[10]     |   18.816|
io_dip[7]      |io_led[11]     |   18.624|
io_dip[7]      |io_led[12]     |   18.944|
io_dip[7]      |io_led[13]     |   18.947|
io_dip[7]      |io_led[14]     |   18.290|
io_dip[7]      |io_led[15]     |   18.042|
io_dip[7]      |io_led[16]     |   14.969|
io_dip[7]      |io_led[17]     |   15.647|
io_dip[7]      |io_led[18]     |   15.935|
io_dip[8]      |io_led[0]      |   17.008|
io_dip[8]      |io_led[1]      |   17.215|
io_dip[8]      |io_led[2]      |   16.844|
io_dip[8]      |io_led[3]      |   16.853|
io_dip[8]      |io_led[4]      |   17.466|
io_dip[8]      |io_led[5]      |   17.147|
io_dip[8]      |io_led[6]      |   17.332|
io_dip[8]      |io_led[7]      |   16.968|
io_dip[8]      |io_led[8]      |   17.192|
io_dip[8]      |io_led[9]      |   17.746|
io_dip[8]      |io_led[10]     |   17.909|
io_dip[8]      |io_led[11]     |   17.717|
io_dip[8]      |io_led[12]     |   18.037|
io_dip[8]      |io_led[13]     |   18.040|
io_dip[8]      |io_led[14]     |   17.383|
io_dip[8]      |io_led[15]     |   17.135|
io_dip[8]      |io_led[16]     |   14.436|
io_dip[8]      |io_led[17]     |   15.114|
io_dip[8]      |io_led[18]     |   15.402|
io_dip[9]      |io_led[0]      |   16.582|
io_dip[9]      |io_led[1]      |   16.789|
io_dip[9]      |io_led[2]      |   16.418|
io_dip[9]      |io_led[3]      |   16.427|
io_dip[9]      |io_led[4]      |   17.040|
io_dip[9]      |io_led[5]      |   16.721|
io_dip[9]      |io_led[6]      |   16.906|
io_dip[9]      |io_led[7]      |   16.542|
io_dip[9]      |io_led[8]      |   16.766|
io_dip[9]      |io_led[9]      |   17.320|
io_dip[9]      |io_led[10]     |   17.483|
io_dip[9]      |io_led[11]     |   17.291|
io_dip[9]      |io_led[12]     |   17.611|
io_dip[9]      |io_led[13]     |   17.614|
io_dip[9]      |io_led[14]     |   16.957|
io_dip[9]      |io_led[15]     |   16.709|
io_dip[9]      |io_led[16]     |   14.994|
io_dip[9]      |io_led[17]     |   15.672|
io_dip[9]      |io_led[18]     |   15.960|
io_dip[10]     |io_led[0]      |   16.916|
io_dip[10]     |io_led[1]      |   17.123|
io_dip[10]     |io_led[2]      |   16.752|
io_dip[10]     |io_led[3]      |   16.761|
io_dip[10]     |io_led[4]      |   17.374|
io_dip[10]     |io_led[5]      |   17.055|
io_dip[10]     |io_led[6]      |   17.240|
io_dip[10]     |io_led[7]      |   16.876|
io_dip[10]     |io_led[8]      |   17.100|
io_dip[10]     |io_led[9]      |   17.654|
io_dip[10]     |io_led[10]     |   17.817|
io_dip[10]     |io_led[11]     |   17.625|
io_dip[10]     |io_led[12]     |   17.945|
io_dip[10]     |io_led[13]     |   17.948|
io_dip[10]     |io_led[14]     |   17.291|
io_dip[10]     |io_led[15]     |   17.043|
io_dip[10]     |io_led[16]     |   14.625|
io_dip[10]     |io_led[17]     |   15.303|
io_dip[10]     |io_led[18]     |   15.591|
io_dip[11]     |io_led[0]      |   16.509|
io_dip[11]     |io_led[1]      |   16.716|
io_dip[11]     |io_led[2]      |   16.345|
io_dip[11]     |io_led[3]      |   16.354|
io_dip[11]     |io_led[4]      |   16.967|
io_dip[11]     |io_led[5]      |   16.648|
io_dip[11]     |io_led[6]      |   16.833|
io_dip[11]     |io_led[7]      |   16.469|
io_dip[11]     |io_led[8]      |   16.693|
io_dip[11]     |io_led[9]      |   17.247|
io_dip[11]     |io_led[10]     |   17.410|
io_dip[11]     |io_led[11]     |   17.218|
io_dip[11]     |io_led[12]     |   17.538|
io_dip[11]     |io_led[13]     |   17.541|
io_dip[11]     |io_led[14]     |   16.884|
io_dip[11]     |io_led[15]     |   16.636|
io_dip[11]     |io_led[16]     |   14.630|
io_dip[11]     |io_led[17]     |   15.308|
io_dip[11]     |io_led[18]     |   15.596|
io_dip[12]     |io_led[0]      |   16.728|
io_dip[12]     |io_led[1]      |   16.935|
io_dip[12]     |io_led[2]      |   16.564|
io_dip[12]     |io_led[3]      |   16.573|
io_dip[12]     |io_led[4]      |   17.186|
io_dip[12]     |io_led[5]      |   16.867|
io_dip[12]     |io_led[6]      |   17.052|
io_dip[12]     |io_led[7]      |   16.688|
io_dip[12]     |io_led[8]      |   16.912|
io_dip[12]     |io_led[9]      |   17.466|
io_dip[12]     |io_led[10]     |   17.629|
io_dip[12]     |io_led[11]     |   17.437|
io_dip[12]     |io_led[12]     |   17.757|
io_dip[12]     |io_led[13]     |   17.760|
io_dip[12]     |io_led[14]     |   17.103|
io_dip[12]     |io_led[15]     |   16.855|
io_dip[12]     |io_led[16]     |   14.180|
io_dip[12]     |io_led[17]     |   14.858|
io_dip[12]     |io_led[18]     |   15.146|
io_dip[13]     |io_led[0]      |   16.091|
io_dip[13]     |io_led[1]      |   16.298|
io_dip[13]     |io_led[2]      |   15.927|
io_dip[13]     |io_led[3]      |   15.936|
io_dip[13]     |io_led[4]      |   16.549|
io_dip[13]     |io_led[5]      |   16.230|
io_dip[13]     |io_led[6]      |   16.415|
io_dip[13]     |io_led[7]      |   16.051|
io_dip[13]     |io_led[8]      |   16.275|
io_dip[13]     |io_led[9]      |   16.829|
io_dip[13]     |io_led[10]     |   16.992|
io_dip[13]     |io_led[11]     |   16.800|
io_dip[13]     |io_led[12]     |   17.120|
io_dip[13]     |io_led[13]     |   17.123|
io_dip[13]     |io_led[14]     |   16.466|
io_dip[13]     |io_led[15]     |   16.218|
io_dip[13]     |io_led[16]     |   13.716|
io_dip[13]     |io_led[17]     |   14.394|
io_dip[13]     |io_led[18]     |   14.682|
io_dip[14]     |io_led[0]      |   16.261|
io_dip[14]     |io_led[1]      |   16.468|
io_dip[14]     |io_led[2]      |   16.097|
io_dip[14]     |io_led[3]      |   16.106|
io_dip[14]     |io_led[4]      |   16.719|
io_dip[14]     |io_led[5]      |   16.400|
io_dip[14]     |io_led[6]      |   16.585|
io_dip[14]     |io_led[7]      |   16.221|
io_dip[14]     |io_led[8]      |   16.445|
io_dip[14]     |io_led[9]      |   16.999|
io_dip[14]     |io_led[10]     |   17.162|
io_dip[14]     |io_led[11]     |   16.970|
io_dip[14]     |io_led[12]     |   17.290|
io_dip[14]     |io_led[13]     |   17.293|
io_dip[14]     |io_led[14]     |   16.636|
io_dip[14]     |io_led[15]     |   16.388|
io_dip[14]     |io_led[16]     |   13.579|
io_dip[14]     |io_led[17]     |   14.257|
io_dip[14]     |io_led[18]     |   14.545|
io_dip[15]     |io_led[0]      |   16.290|
io_dip[15]     |io_led[1]      |   16.497|
io_dip[15]     |io_led[2]      |   16.126|
io_dip[15]     |io_led[3]      |   16.135|
io_dip[15]     |io_led[4]      |   16.748|
io_dip[15]     |io_led[5]      |   16.429|
io_dip[15]     |io_led[6]      |   16.614|
io_dip[15]     |io_led[7]      |   16.250|
io_dip[15]     |io_led[8]      |   16.474|
io_dip[15]     |io_led[9]      |   17.028|
io_dip[15]     |io_led[10]     |   17.191|
io_dip[15]     |io_led[11]     |   16.999|
io_dip[15]     |io_led[12]     |   17.319|
io_dip[15]     |io_led[13]     |   17.322|
io_dip[15]     |io_led[14]     |   16.665|
io_dip[15]     |io_led[15]     |   16.417|
io_dip[15]     |io_led[16]     |   13.438|
io_dip[15]     |io_led[17]     |   14.116|
io_dip[15]     |io_led[18]     |   14.404|
io_dip[16]     |io_led[0]      |   14.017|
io_dip[16]     |io_led[1]      |   13.469|
io_dip[16]     |io_led[2]      |   13.089|
io_dip[16]     |io_led[3]      |   13.164|
io_dip[16]     |io_led[4]      |   13.676|
io_dip[16]     |io_led[5]      |   14.127|
io_dip[16]     |io_led[6]      |   14.477|
io_dip[16]     |io_led[7]      |   14.149|
io_dip[16]     |io_led[8]      |   13.976|
io_dip[16]     |io_led[9]      |   14.658|
io_dip[16]     |io_led[10]     |   15.259|
io_dip[16]     |io_led[11]     |   15.147|
io_dip[16]     |io_led[12]     |   15.439|
io_dip[16]     |io_led[13]     |   14.960|
io_dip[16]     |io_led[14]     |   14.718|
io_dip[16]     |io_led[15]     |   14.964|
io_dip[16]     |io_led[16]     |   14.184|
io_dip[16]     |io_led[17]     |   14.862|
io_dip[16]     |io_led[18]     |   15.645|
io_dip[17]     |io_led[0]      |   13.691|
io_dip[17]     |io_led[1]      |   13.088|
io_dip[17]     |io_led[2]      |   12.763|
io_dip[17]     |io_led[3]      |   12.440|
io_dip[17]     |io_led[4]      |   13.445|
io_dip[17]     |io_led[5]      |   13.896|
io_dip[17]     |io_led[6]      |   14.165|
io_dip[17]     |io_led[7]      |   12.214|
io_dip[17]     |io_led[8]      |   12.432|
io_dip[17]     |io_led[9]      |   14.444|
io_dip[17]     |io_led[10]     |   14.751|
io_dip[17]     |io_led[11]     |   15.198|
io_dip[17]     |io_led[12]     |   14.981|
io_dip[17]     |io_led[13]     |   14.589|
io_dip[17]     |io_led[14]     |   14.520|
io_dip[17]     |io_led[15]     |   13.764|
io_dip[18]     |io_led[0]      |   14.512|
io_dip[18]     |io_led[1]      |   14.350|
io_dip[18]     |io_led[2]      |   13.586|
io_dip[18]     |io_led[3]      |   13.520|
io_dip[18]     |io_led[4]      |   14.744|
io_dip[18]     |io_led[5]      |   15.195|
io_dip[18]     |io_led[6]      |   15.464|
io_dip[18]     |io_led[7]      |   13.282|
io_dip[18]     |io_led[8]      |   13.381|
io_dip[18]     |io_led[9]      |   15.726|
io_dip[18]     |io_led[10]     |   15.965|
io_dip[18]     |io_led[11]     |   15.608|
io_dip[18]     |io_led[12]     |   16.280|
io_dip[18]     |io_led[13]     |   15.888|
io_dip[18]     |io_led[14]     |   15.727|
io_dip[18]     |io_led[15]     |   14.471|
io_dip[19]     |io_led[0]      |   14.592|
io_dip[19]     |io_led[1]      |   14.240|
io_dip[19]     |io_led[2]      |   13.664|
io_dip[19]     |io_led[3]      |   13.403|
io_dip[19]     |io_led[4]      |   14.678|
io_dip[19]     |io_led[5]      |   14.929|
io_dip[19]     |io_led[6]      |   15.122|
io_dip[19]     |io_led[7]      |   13.417|
io_dip[19]     |io_led[8]      |   13.812|
io_dip[19]     |io_led[9]      |   15.561|
io_dip[19]     |io_led[10]     |   15.794|
io_dip[19]     |io_led[11]     |   15.477|
io_dip[19]     |io_led[12]     |   15.890|
io_dip[19]     |io_led[13]     |   15.784|
io_dip[19]     |io_led[14]     |   15.391|
io_dip[19]     |io_led[15]     |   14.405|
io_dip[20]     |io_led[0]      |   14.903|
io_dip[20]     |io_led[1]      |   14.708|
io_dip[20]     |io_led[2]      |   14.307|
io_dip[20]     |io_led[3]      |   14.075|
io_dip[20]     |io_led[4]      |   14.815|
io_dip[20]     |io_led[5]      |   15.176|
io_dip[20]     |io_led[6]      |   15.211|
io_dip[20]     |io_led[7]      |   14.180|
io_dip[20]     |io_led[8]      |   14.617|
io_dip[20]     |io_led[9]      |   15.888|
io_dip[20]     |io_led[10]     |   16.138|
io_dip[20]     |io_led[11]     |   16.178|
io_dip[20]     |io_led[12]     |   15.879|
io_dip[20]     |io_led[13]     |   16.164|
io_dip[20]     |io_led[14]     |   15.807|
io_dip[20]     |io_led[15]     |   15.140|
io_dip[21]     |io_led[0]      |   14.532|
io_dip[21]     |io_led[1]      |   14.337|
io_dip[21]     |io_led[2]      |   13.936|
io_dip[21]     |io_led[3]      |   13.704|
io_dip[21]     |io_led[4]      |   14.444|
io_dip[21]     |io_led[5]      |   14.805|
io_dip[21]     |io_led[6]      |   14.957|
io_dip[21]     |io_led[7]      |   13.809|
io_dip[21]     |io_led[8]      |   14.246|
io_dip[21]     |io_led[9]      |   15.517|
io_dip[21]     |io_led[10]     |   15.767|
io_dip[21]     |io_led[11]     |   15.817|
io_dip[21]     |io_led[12]     |   15.958|
io_dip[21]     |io_led[13]     |   15.793|
io_dip[21]     |io_led[14]     |   15.471|
io_dip[21]     |io_led[15]     |   14.769|
io_dip[22]     |io_led[0]      |   14.767|
io_dip[22]     |io_led[1]      |   14.572|
io_dip[22]     |io_led[2]      |   14.171|
io_dip[22]     |io_led[3]      |   13.939|
io_dip[22]     |io_led[4]      |   14.679|
io_dip[22]     |io_led[5]      |   15.040|
io_dip[22]     |io_led[6]      |   15.075|
io_dip[22]     |io_led[7]      |   14.044|
io_dip[22]     |io_led[8]      |   14.481|
io_dip[22]     |io_led[9]      |   15.752|
io_dip[22]     |io_led[10]     |   16.002|
io_dip[22]     |io_led[11]     |   16.199|
io_dip[22]     |io_led[12]     |   15.986|
io_dip[22]     |io_led[13]     |   16.028|
io_dip[22]     |io_led[14]     |   15.671|
io_dip[22]     |io_led[15]     |   15.004|
---------------+---------------+---------+


Analysis completed Mon Oct 29 23:30:17 2018 
--------------------------------------------------------------------------------

Trace Settings:
-------------------------
Trace Settings 

Peak Memory Usage: 168 MB



