--------------------------------------------------------------------------------
Release 14.7 Trace  (nt)
Copyright (c) 1995-2013 Xilinx, Inc.  All rights reserved.

C:\Xilinx\14.7\ISE_DS\ISE\bin\nt\unwrapped\trce.exe -intstyle ise -o
mojo_top_0.twr -v 30 -l 30 mojo_top_0_routed.ncd mojo_top_0.pcf

Design file:              mojo_top_0_routed.ncd
Physical constraint file: mojo_top_0.pcf
Device,package,speed:     xc6slx9,tqg144,C,-2 (PRODUCTION 1.23 2013-10-13)
Report level:             verbose report, limited to 30 items per constraint

Environment Variable      Effect 
--------------------      ------ 
NONE                      No environment variables were set
--------------------------------------------------------------------------------

INFO:Timing:2698 - No timing constraints found, doing default enumeration.
INFO:Timing:3412 - To improve timing, see the Timing Closure User Guide (UG612).
INFO:Timing:2752 - To get complete path coverage, use the unconstrained paths 
   option. All paths that are not constrained will be reported in the 
   unconstrained paths section(s) of the report.
INFO:Timing:3339 - The clock-to-out numbers in this timing report are based on 
   a 50 Ohm transmission line loading model.  For the details of this model, 
   and for more information on accounting for different loading conditions, 
   please see the device datasheet.



Data Sheet report:
-----------------
All values displayed in nanoseconds (ns)

Pad to Pad
---------------+---------------+---------+
Source Pad     |Destination Pad|  Delay  |
---------------+---------------+---------+
io_dip[0]      |io_led[0]      |   13.642|
io_dip[0]      |io_led[1]      |   14.021|
io_dip[0]      |io_led[2]      |   12.551|
io_dip[0]      |io_led[3]      |   13.019|
io_dip[0]      |io_led[4]      |   13.143|
io_dip[0]      |io_led[5]      |   12.985|
io_dip[0]      |io_led[6]      |   13.337|
io_dip[0]      |io_led[7]      |   13.128|
io_dip[0]      |io_led[8]      |   13.492|
io_dip[0]      |io_led[9]      |   13.061|
io_dip[0]      |io_led[10]     |   13.311|
io_dip[0]      |io_led[11]     |   13.811|
io_dip[0]      |io_led[12]     |   13.800|
io_dip[0]      |io_led[13]     |   13.954|
io_dip[0]      |io_led[14]     |   13.872|
io_dip[0]      |io_led[15]     |   14.266|
io_dip[1]      |io_led[0]      |   14.012|
io_dip[1]      |io_led[1]      |   14.145|
io_dip[1]      |io_led[2]      |   12.238|
io_dip[1]      |io_led[3]      |   13.005|
io_dip[1]      |io_led[4]      |   13.122|
io_dip[1]      |io_led[5]      |   12.910|
io_dip[1]      |io_led[6]      |   12.895|
io_dip[1]      |io_led[7]      |   13.053|
io_dip[1]      |io_led[8]      |   13.433|
io_dip[1]      |io_led[9]      |   12.986|
io_dip[1]      |io_led[10]     |   13.236|
io_dip[1]      |io_led[11]     |   13.736|
io_dip[1]      |io_led[12]     |   13.725|
io_dip[1]      |io_led[13]     |   13.879|
io_dip[1]      |io_led[14]     |   13.797|
io_dip[1]      |io_led[15]     |   14.191|
io_dip[2]      |io_led[0]      |   14.160|
io_dip[2]      |io_led[1]      |   14.322|
io_dip[2]      |io_led[2]      |   12.089|
io_dip[2]      |io_led[3]      |   12.736|
io_dip[2]      |io_led[4]      |   12.871|
io_dip[2]      |io_led[5]      |   12.694|
io_dip[2]      |io_led[6]      |   12.679|
io_dip[2]      |io_led[7]      |   12.837|
io_dip[2]      |io_led[8]      |   13.552|
io_dip[2]      |io_led[9]      |   12.770|
io_dip[2]      |io_led[10]     |   13.020|
io_dip[2]      |io_led[11]     |   13.520|
io_dip[2]      |io_led[12]     |   13.763|
io_dip[2]      |io_led[13]     |   13.663|
io_dip[2]      |io_led[14]     |   13.581|
io_dip[2]      |io_led[15]     |   13.975|
io_dip[3]      |io_led[0]      |   13.327|
io_dip[3]      |io_led[1]      |   13.558|
io_dip[3]      |io_led[2]      |   11.584|
io_dip[3]      |io_led[3]      |   12.732|
io_dip[3]      |io_led[4]      |   12.863|
io_dip[3]      |io_led[5]      |   12.690|
io_dip[3]      |io_led[6]      |   12.675|
io_dip[3]      |io_led[7]      |   12.833|
io_dip[3]      |io_led[8]      |   13.648|
io_dip[3]      |io_led[9]      |   12.766|
io_dip[3]      |io_led[10]     |   13.016|
io_dip[3]      |io_led[11]     |   13.516|
io_dip[3]      |io_led[12]     |   13.505|
io_dip[3]      |io_led[13]     |   13.659|
io_dip[3]      |io_led[14]     |   13.577|
io_dip[3]      |io_led[15]     |   13.971|
io_dip[4]      |io_led[4]      |   12.471|
io_dip[4]      |io_led[5]      |   12.572|
io_dip[4]      |io_led[6]      |   12.543|
io_dip[4]      |io_led[7]      |   12.833|
io_dip[4]      |io_led[8]      |   13.123|
io_dip[4]      |io_led[9]      |   12.793|
io_dip[4]      |io_led[10]     |   13.043|
io_dip[4]      |io_led[11]     |   13.543|
io_dip[4]      |io_led[12]     |   13.532|
io_dip[4]      |io_led[13]     |   13.686|
io_dip[4]      |io_led[14]     |   13.604|
io_dip[4]      |io_led[15]     |   13.998|
io_dip[5]      |io_led[5]      |   12.037|
io_dip[5]      |io_led[6]      |   12.320|
io_dip[5]      |io_led[7]      |   12.695|
io_dip[5]      |io_led[8]      |   12.996|
io_dip[5]      |io_led[9]      |   12.647|
io_dip[5]      |io_led[10]     |   12.897|
io_dip[5]      |io_led[11]     |   13.397|
io_dip[5]      |io_led[12]     |   13.386|
io_dip[5]      |io_led[13]     |   13.540|
io_dip[5]      |io_led[14]     |   13.458|
io_dip[5]      |io_led[15]     |   13.852|
io_dip[6]      |io_led[6]      |   11.903|
io_dip[6]      |io_led[7]      |   12.358|
io_dip[6]      |io_led[8]      |   12.655|
io_dip[6]      |io_led[9]      |   12.310|
io_dip[6]      |io_led[10]     |   12.560|
io_dip[6]      |io_led[11]     |   13.060|
io_dip[6]      |io_led[12]     |   13.049|
io_dip[6]      |io_led[13]     |   13.203|
io_dip[6]      |io_led[14]     |   13.121|
io_dip[6]      |io_led[15]     |   13.515|
io_dip[7]      |io_led[7]      |   12.886|
io_dip[7]      |io_led[8]      |   13.183|
io_dip[7]      |io_led[9]      |   12.838|
io_dip[7]      |io_led[10]     |   13.088|
io_dip[7]      |io_led[11]     |   13.588|
io_dip[7]      |io_led[12]     |   13.577|
io_dip[7]      |io_led[13]     |   13.731|
io_dip[7]      |io_led[14]     |   13.649|
io_dip[7]      |io_led[15]     |   14.043|
io_dip[8]      |io_led[8]      |   12.632|
io_dip[8]      |io_led[9]      |   12.508|
io_dip[8]      |io_led[10]     |   12.744|
io_dip[8]      |io_led[11]     |   13.376|
io_dip[8]      |io_led[12]     |   13.358|
io_dip[8]      |io_led[13]     |   13.546|
io_dip[8]      |io_led[14]     |   13.464|
io_dip[8]      |io_led[15]     |   13.858|
io_dip[9]      |io_led[9]      |   12.095|
io_dip[9]      |io_led[10]     |   12.331|
io_dip[9]      |io_led[11]     |   12.963|
io_dip[9]      |io_led[12]     |   12.945|
io_dip[9]      |io_led[13]     |   13.133|
io_dip[9]      |io_led[14]     |   13.051|
io_dip[9]      |io_led[15]     |   13.445|
io_dip[10]     |io_led[10]     |   12.520|
io_dip[10]     |io_led[11]     |   13.249|
io_dip[10]     |io_led[12]     |   13.238|
io_dip[10]     |io_led[13]     |   13.411|
io_dip[10]     |io_led[14]     |   13.329|
io_dip[10]     |io_led[15]     |   13.723|
io_dip[11]     |io_led[11]     |   12.707|
io_dip[11]     |io_led[12]     |   12.983|
io_dip[11]     |io_led[13]     |   13.213|
io_dip[11]     |io_led[14]     |   13.131|
io_dip[11]     |io_led[15]     |   13.525|
io_dip[12]     |io_led[12]     |   12.593|
io_dip[12]     |io_led[13]     |   12.823|
io_dip[12]     |io_led[14]     |   12.741|
io_dip[12]     |io_led[15]     |   13.135|
io_dip[13]     |io_led[13]     |   12.205|
io_dip[13]     |io_led[14]     |   12.109|
io_dip[13]     |io_led[15]     |   12.839|
io_dip[14]     |io_led[14]     |   12.137|
io_dip[14]     |io_led[15]     |   12.760|
io_dip[15]     |io_led[15]     |   12.697|
io_dip[16]     |io_led[0]      |   12.019|
io_dip[16]     |io_led[1]      |   12.236|
io_dip[16]     |io_led[2]      |   13.238|
io_dip[16]     |io_led[3]      |   13.206|
io_dip[16]     |io_led[4]      |   11.674|
io_dip[16]     |io_led[5]      |   13.159|
io_dip[16]     |io_led[6]      |   11.412|
io_dip[16]     |io_led[7]      |   13.646|
io_dip[16]     |io_led[8]      |   12.005|
io_dip[16]     |io_led[9]      |   13.561|
io_dip[16]     |io_led[10]     |   13.221|
io_dip[16]     |io_led[11]     |   13.949|
io_dip[16]     |io_led[12]     |   12.401|
io_dip[16]     |io_led[13]     |   13.526|
io_dip[16]     |io_led[14]     |   14.370|
io_dip[16]     |io_led[15]     |   14.764|
io_dip[17]     |io_led[0]      |   12.040|
io_dip[17]     |io_led[1]      |   12.051|
io_dip[17]     |io_led[2]      |   12.827|
io_dip[17]     |io_led[3]      |   12.795|
io_dip[17]     |io_led[4]      |   11.263|
io_dip[17]     |io_led[5]      |   12.748|
io_dip[17]     |io_led[6]      |   11.001|
io_dip[17]     |io_led[7]      |   13.235|
io_dip[17]     |io_led[8]      |   11.594|
io_dip[17]     |io_led[9]      |   13.150|
io_dip[17]     |io_led[10]     |   12.810|
io_dip[17]     |io_led[11]     |   13.538|
io_dip[17]     |io_led[12]     |   11.990|
io_dip[17]     |io_led[13]     |   13.115|
io_dip[17]     |io_led[14]     |   13.959|
io_dip[17]     |io_led[15]     |   14.353|
io_dip[20]     |io_led[0]      |   13.075|
io_dip[20]     |io_led[1]      |   12.664|
io_dip[20]     |io_led[2]      |   14.300|
io_dip[20]     |io_led[3]      |   14.338|
io_dip[20]     |io_led[4]      |   12.217|
io_dip[20]     |io_led[5]      |   14.320|
io_dip[20]     |io_led[6]      |   12.325|
io_dip[20]     |io_led[7]      |   14.324|
io_dip[20]     |io_led[8]      |   12.548|
io_dip[20]     |io_led[9]      |   14.135|
io_dip[20]     |io_led[10]     |   13.764|
io_dip[20]     |io_led[11]     |   14.492|
io_dip[20]     |io_led[12]     |   12.944|
io_dip[20]     |io_led[13]     |   14.474|
io_dip[20]     |io_led[14]     |   15.214|
io_dip[20]     |io_led[15]     |   15.596|
io_dip[21]     |io_led[0]      |   13.295|
io_dip[21]     |io_led[1]      |   12.705|
io_dip[21]     |io_led[2]      |   14.520|
io_dip[21]     |io_led[3]      |   14.558|
io_dip[21]     |io_led[4]      |   12.437|
io_dip[21]     |io_led[5]      |   14.540|
io_dip[21]     |io_led[6]      |   12.545|
io_dip[21]     |io_led[7]      |   14.544|
io_dip[21]     |io_led[8]      |   12.768|
io_dip[21]     |io_led[9]      |   14.355|
io_dip[21]     |io_led[10]     |   13.984|
io_dip[21]     |io_led[11]     |   14.712|
io_dip[21]     |io_led[12]     |   13.164|
io_dip[21]     |io_led[13]     |   14.694|
io_dip[21]     |io_led[14]     |   15.434|
io_dip[21]     |io_led[15]     |   15.816|
io_dip[22]     |io_led[0]      |   13.267|
io_dip[22]     |io_led[1]      |   12.875|
io_dip[22]     |io_led[2]      |   14.492|
io_dip[22]     |io_led[3]      |   14.530|
io_dip[22]     |io_led[4]      |   12.409|
io_dip[22]     |io_led[5]      |   14.512|
io_dip[22]     |io_led[6]      |   12.517|
io_dip[22]     |io_led[7]      |   14.516|
io_dip[22]     |io_led[8]      |   12.740|
io_dip[22]     |io_led[9]      |   14.327|
io_dip[22]     |io_led[10]     |   13.956|
io_dip[22]     |io_led[11]     |   14.684|
io_dip[22]     |io_led[12]     |   13.136|
io_dip[22]     |io_led[13]     |   14.666|
io_dip[22]     |io_led[14]     |   15.406|
io_dip[22]     |io_led[15]     |   15.788|
---------------+---------------+---------+


Analysis completed Thu Oct 25 16:57:29 2018 
--------------------------------------------------------------------------------

Trace Settings:
-------------------------
Trace Settings 

Peak Memory Usage: 167 MB



